✅ ★★ 入口脚本输出编码 —— 全部入口脚本已显式设 UTF-8

$ cmake -S C:\Users\vboxuser\Work\game\stoneage\stone-age-server -B C:\Users\vboxuser\Work\game\stoneage\stone-age-server\build\ci -DCMAKE_BUILD_TYPE=RelWithDebInfo -DSA_WERROR=ON
-- Building for: Visual Studio 18 2026
-- The CXX compiler identification is MSVC 19.51.36257.0
-- Detecting CXX compiler ABI info
-- Detecting CXX compiler ABI info - done
-- Check for working CXX compiler: C:/Program Files (x86)/Microsoft Visual Studio/18/BuildTools/VC/Tools/MSVC/14.51.36231/bin/Hostx86/x64/cl.exe - skipped
-- Detecting CXX compile features
-- Detecting CXX compile features - done
CMake Error at C:/Program Files (x86)/Microsoft Visual Studio/18/BuildTools/Common7/IDE/CommonExtensions/Microsoft/CMake/CMake/share/cmake-4.3/Modules/FindPackageHandleStandardArgs.cmake:290 (message):
  Could NOT find OpenSSL, try to set the path to OpenSSL root folder in the
  system variable OPENSSL_ROOT_DIR (missing: OPENSSL_CRYPTO_LIBRARY
  OPENSSL_INCLUDE_DIR) (Required is at least version "1.1.1")
Call Stack (most recent call first):
  C:/Program Files (x86)/Microsoft Visual Studio/18/BuildTools/Common7/IDE/CommonExtensions/Microsoft/CMake/CMake/share/cmake-4.3/Modules/FindPackageHandleStandardArgs.cmake:654 (_FPHSA_FAILURE_MESSAGE)
  C:/Program Files (x86)/Microsoft Visual Studio/18/BuildTools/Common7/IDE/CommonExtensions/Microsoft/CMake/CMake/share/cmake-4.3/Modules/FindOpenSSL.cmake:752 (find_package_handle_standard_args)
  runtime/tls/CMakeLists.txt:2 (find_package)


-- Configuring incomplete, errors occurred!

❌ 配置 —— cmake 配置失败 ⇒ 后续全部无法进行

══════════════════════════════════════════════════════════════════════
汇总(按归因顺序,不按执行顺序)
══════════════════════════════════════════════════════════════════════
  ✅ ★★ 入口脚本输出编码
       全部入口脚本已显式设 UTF-8
  ❌ 配置
       cmake 配置失败 ⇒ 后续全部无法进行
══════════════════════════════════════════════════════════════════════
❌ 1 项未通过:配置

⚠️ 读法:先看「测试注册清单」—— 少一条则后面的绿色都不完整;
        再看「断言防线」—— 它失效则所有『通过』都不算数;
        才是逐条测试。
